2025-11-26 05:04:32 - analyze_comprehensive_results - INFO - Log file: Exhibition/logs/analyze_comprehensive_results_20251126_050432.log
2025-11-26 05:04:32 - analyze_comprehensive_results - INFO - ============================================================
2025-11-26 05:04:32 - analyze_comprehensive_results - INFO - COMPREHENSIVE SENTIMENT ANALYSIS
2025-11-26 05:04:32 - analyze_comprehensive_results - INFO - ============================================================
2025-11-26 05:04:32 - analyze_comprehensive_results - INFO - Log file: Exhibition/logs/analyze_comprehensive_results_20251126_050432.log
2025-11-26 05:04:32 - analyze_comprehensive_results - INFO - 
2025-11-26 05:04:32 - analyze_comprehensive_results - INFO - ============================================================
2025-11-26 05:04:32 - analyze_comprehensive_results - INFO - LOADING MODEL RESULTS
2025-11-26 05:04:32 - analyze_comprehensive_results - INFO - ============================================================
2025-11-26 05:04:32 - analyze_comprehensive_results - INFO - Loading baseline model results...
2025-11-26 05:04:32 - analyze_comprehensive_results - INFO -   ✓ Baseline: 52.31% MAPE
2025-11-26 05:04:32 - analyze_comprehensive_results - INFO - Loading 4-sentiment-feature model results...
2025-11-26 05:04:32 - analyze_comprehensive_results - INFO -   ✓ 4 sentiment features: 7.87% MAPE
2025-11-26 05:04:32 - analyze_comprehensive_results - INFO - Loading 9-sentiment-feature model results...
2025-11-26 05:04:32 - analyze_comprehensive_results - INFO -   ✓ 9 sentiment features: 7.74% MAPE
2025-11-26 05:04:32 - analyze_comprehensive_results - INFO - 
2025-11-26 05:04:32 - analyze_comprehensive_results - INFO - ============================================================
2025-11-26 05:04:32 - analyze_comprehensive_results - INFO - MODEL COMPARISON
2025-11-26 05:04:32 - analyze_comprehensive_results - INFO - ============================================================
2025-11-26 05:04:32 - analyze_comprehensive_results - INFO - Performance Summary:
2025-11-26 05:04:32 - analyze_comprehensive_results - INFO - ----------------------------------------------------------------------
2025-11-26 05:04:32 - analyze_comprehensive_results - INFO - Model                          MAPE       Features     Sentiment
2025-11-26 05:04:32 - analyze_comprehensive_results - INFO - ----------------------------------------------------------------------
2025-11-26 05:04:32 - analyze_comprehensive_results - INFO - Baseline (No Sentiment)         52.31%    42 total     0 sentiment
2025-11-26 05:04:32 - analyze_comprehensive_results - INFO - Simple Sentiment                 7.87%    46 total     4 sentiment
2025-11-26 05:04:32 - analyze_comprehensive_results - INFO - Comprehensive Sentiment          7.74%    51 total     9 sentiment
2025-11-26 05:04:32 - analyze_comprehensive_results - INFO - ----------------------------------------------------------------------
2025-11-26 05:04:32 - analyze_comprehensive_results - INFO - 
2025-11-26 05:04:32 - analyze_comprehensive_results - INFO - ============================================================
2025-11-26 05:04:32 - analyze_comprehensive_results - INFO - IMPROVEMENT ANALYSIS
2025-11-26 05:04:32 - analyze_comprehensive_results - INFO - ============================================================
2025-11-26 05:04:32 - analyze_comprehensive_results - INFO - Improvements:
2025-11-26 05:04:32 - analyze_comprehensive_results - INFO -   Baseline → 4 sentiment features:
2025-11-26 05:04:32 - analyze_comprehensive_results - INFO -     Absolute: 44.43 percentage points
2025-11-26 05:04:32 - analyze_comprehensive_results - INFO -     Relative: 84.9% better
2025-11-26 05:04:32 - analyze_comprehensive_results - INFO - 
2025-11-26 05:04:32 - analyze_comprehensive_results - INFO -   Baseline → 9 sentiment features:
2025-11-26 05:04:32 - analyze_comprehensive_results - INFO -     Absolute: 44.56 percentage points
2025-11-26 05:04:32 - analyze_comprehensive_results - INFO -     Relative: 85.2% better
2025-11-26 05:04:32 - analyze_comprehensive_results - INFO - 
2025-11-26 05:04:32 - analyze_comprehensive_results - INFO -   4 features → 9 features:
2025-11-26 05:04:32 - analyze_comprehensive_results - INFO -     Absolute: 0.13 percentage points
2025-11-26 05:04:32 - analyze_comprehensive_results - INFO -     Relative: 1.7% better ✅
2025-11-26 05:04:32 - analyze_comprehensive_results - INFO -     Status: Comprehensive features provide additional value
2025-11-26 05:04:32 - analyze_comprehensive_results - INFO - 
2025-11-26 05:04:32 - analyze_comprehensive_results - INFO - ============================================================
2025-11-26 05:04:32 - analyze_comprehensive_results - INFO - FEATURE CONTRIBUTION ANALYSIS
2025-11-26 05:04:32 - analyze_comprehensive_results - INFO - ============================================================
2025-11-26 05:04:32 - analyze_comprehensive_results - INFO - Approximate feature contributions:
2025-11-26 05:04:32 - analyze_comprehensive_results - INFO -   Total improvement: 44.56 percentage points
2025-11-26 05:04:32 - analyze_comprehensive_results - INFO - 
2025-11-26 05:04:32 - analyze_comprehensive_results - INFO -   Hyperparameter tuning:  ~34.28 pp (76.9%)
2025-11-26 05:04:32 - analyze_comprehensive_results - INFO -   4 sentiment features:   ~10.16 pp (22.8%)
2025-11-26 05:04:32 - analyze_comprehensive_results - INFO -   Additional 5 features:  ~0.13 pp (0.3%)
2025-11-26 05:04:32 - analyze_comprehensive_results - INFO - 
2025-11-26 05:04:32 - analyze_comprehensive_results - INFO - ============================================================
2025-11-26 05:04:32 - analyze_comprehensive_results - INFO - SENTIMENT FEATURE EFFECTIVENESS
2025-11-26 05:04:32 - analyze_comprehensive_results - INFO - ============================================================
2025-11-26 05:04:32 - analyze_comprehensive_results - INFO - Sentiment feature statistics:
2025-11-26 05:04:32 - analyze_comprehensive_results - INFO - ----------------------------------------------------------------------
2025-11-26 05:04:32 - analyze_comprehensive_results - INFO - Feature                   Mean       Std        Min        Max
2025-11-26 05:04:32 - analyze_comprehensive_results - INFO - ----------------------------------------------------------------------
2025-11-26 05:04:32 - analyze_comprehensive_results - INFO - sentiment_mean              0.0000    0.0000    0.0000    0.0000
2025-11-26 05:04:32 - analyze_comprehensive_results - INFO - sentiment_median            0.0000    0.0000    0.0000    0.0000
2025-11-26 05:04:32 - analyze_comprehensive_results - INFO - sentiment_weighted          0.0000    0.0000    0.0000    0.0000
2025-11-26 05:04:32 - analyze_comprehensive_results - INFO - sentiment_extreme           0.0000    0.0000    0.0000    0.0000
2025-11-26 05:04:32 - analyze_comprehensive_results - INFO - sentiment_min               0.0000    0.0000    0.0000    0.0000
2025-11-26 05:04:32 - analyze_comprehensive_results - INFO - sentiment_max               0.0000    0.0000    0.0000    0.0000
2025-11-26 05:04:32 - analyze_comprehensive_results - INFO - sentiment_std               0.0000    0.0000    0.0000    0.0000
2025-11-26 05:04:32 - analyze_comprehensive_results - INFO - ----------------------------------------------------------------------
2025-11-26 05:04:32 - analyze_comprehensive_results - INFO - 
2025-11-26 05:04:32 - analyze_comprehensive_results - INFO - ============================================================
2025-11-26 05:04:32 - analyze_comprehensive_results - INFO - KEY FINDINGS
2025-11-26 05:04:32 - analyze_comprehensive_results - INFO - ============================================================
2025-11-26 05:04:32 - analyze_comprehensive_results - INFO - ✅ SUCCESS: Comprehensive sentiment features improved performance
2025-11-26 05:04:32 - analyze_comprehensive_results - INFO -    The additional 5 features provided 0.13 pp improvement
2025-11-26 05:04:32 - analyze_comprehensive_results - INFO - 
2025-11-26 05:04:32 - analyze_comprehensive_results - INFO - Likely reasons:
2025-11-26 05:04:32 - analyze_comprehensive_results - INFO -   - Extreme sentiment (min/max) captures market-moving events
2025-11-26 05:04:32 - analyze_comprehensive_results - INFO -   - Weighted sentiment emphasizes high-confidence articles
2025-11-26 05:04:32 - analyze_comprehensive_results - INFO -   - Multiple aggregation methods provide robust signal
2025-11-26 05:04:32 - analyze_comprehensive_results - INFO - 
2025-11-26 05:04:32 - analyze_comprehensive_results - INFO - ============================================================
2025-11-26 05:04:32 - analyze_comprehensive_results - INFO - RECOMMENDATIONS
2025-11-26 05:04:32 - analyze_comprehensive_results - INFO - ============================================================
2025-11-26 05:04:32 - analyze_comprehensive_results - INFO - Based on this analysis:
2025-11-26 05:04:32 - analyze_comprehensive_results - INFO - 
2025-11-26 05:04:32 - analyze_comprehensive_results - INFO - 1. ⚖️  EITHER model works well
2025-11-26 05:04:32 - analyze_comprehensive_results - INFO -    Simple (4 features): Easier to explain, similar performance
2025-11-26 05:04:32 - analyze_comprehensive_results - INFO -    Comprehensive (9 features): Better for future analysis
2025-11-26 05:04:32 - analyze_comprehensive_results - INFO - 
2025-11-26 05:04:32 - analyze_comprehensive_results - INFO - 2. 📊 For presentation:
2025-11-26 05:04:32 - analyze_comprehensive_results - INFO -    - Show the journey: Baseline → Simple → Comprehensive
2025-11-26 05:04:32 - analyze_comprehensive_results - INFO -    - Explain sentiment aggregation challenge (low variance)
2025-11-26 05:04:32 - analyze_comprehensive_results - INFO -    - Demonstrate three aggregation methods (median, weighted, extreme)
2025-11-26 05:04:32 - analyze_comprehensive_results - INFO -    - Discuss lessons learned about feature engineering
2025-11-26 05:04:32 - analyze_comprehensive_results - INFO - 
2025-11-26 05:04:32 - analyze_comprehensive_results - INFO - 3. 🔮 Future work:
2025-11-26 05:04:32 - analyze_comprehensive_results - INFO -    - Apply comprehensive features to individual stocks
2025-11-26 05:04:32 - analyze_comprehensive_results - INFO -    - Test during high-volatility periods (2020 COVID, 2022 inflation)
2025-11-26 05:04:32 - analyze_comprehensive_results - INFO -    - Add event-driven features (earnings, Fed announcements)
2025-11-26 05:04:32 - analyze_comprehensive_results - INFO -    - Incorporate intraday sentiment shifts
2025-11-26 05:04:32 - analyze_comprehensive_results - INFO - 
2025-11-26 05:04:32 - analyze_comprehensive_results - INFO - ============================================================
2025-11-26 05:04:32 - analyze_comprehensive_results - INFO - SAVING ANALYSIS
2025-11-26 05:04:32 - analyze_comprehensive_results - INFO - ============================================================
2025-11-26 05:04:32 - analyze_comprehensive_results - INFO - ✓ Analysis saved: Exhibition/comprehensive_sentiment_analysis.json
2025-11-26 05:04:32 - analyze_comprehensive_results - INFO - ✓ Log saved: Exhibition/logs/analyze_comprehensive_results_20251126_050432.log
2025-11-26 05:04:32 - analyze_comprehensive_results - INFO - 
2025-11-26 05:04:32 - analyze_comprehensive_results - INFO - ============================================================
2025-11-26 05:04:32 - analyze_comprehensive_results - INFO - ANALYSIS COMPLETE
2025-11-26 05:04:32 - analyze_comprehensive_results - INFO - ============================================================
2025-11-26 05:04:32 - analyze_comprehensive_results - INFO - Review the log file for detailed findings
2025-11-26 05:04:32 - analyze_comprehensive_results - INFO - Use this analysis for your presentation and report
