2025-11-26 04:45:38 - comprehensive_sentiment_features - INFO - Log file: Exhibition/logs/comprehensive_sentiment_features_20251126_044538.log
2025-11-26 04:45:38 - comprehensive_sentiment_features - INFO - ============================================================
2025-11-26 04:45:38 - comprehensive_sentiment_features - INFO - COMPREHENSIVE SENTIMENT FEATURE CREATION
2025-11-26 04:45:38 - comprehensive_sentiment_features - INFO - ============================================================
2025-11-26 04:45:38 - comprehensive_sentiment_features - INFO - Log file: Exhibition/logs/comprehensive_sentiment_features_20251126_044538.log
2025-11-26 04:45:38 - comprehensive_sentiment_features - INFO - 
2025-11-26 04:45:38 - comprehensive_sentiment_features - INFO - ============================================================
2025-11-26 04:45:38 - comprehensive_sentiment_features - INFO - LOADING DATA
2025-11-26 04:45:38 - comprehensive_sentiment_features - INFO - ============================================================
2025-11-26 04:45:38 - comprehensive_sentiment_features - INFO - Loading news sentiment data...
2025-11-26 04:45:44 - comprehensive_sentiment_features - INFO -   ✓ Loaded 3,299,437 news articles
2025-11-26 04:45:44 - comprehensive_sentiment_features - INFO -   Date range: 1969-12-31 00:00:00 to 2020-06-11 21:12:35
2025-11-26 04:45:44 - comprehensive_sentiment_features - INFO - Loading stock features...
2025-11-26 04:45:44 - comprehensive_sentiment_features - INFO -   ✓ Loaded 452 days of stock data
2025-11-26 04:45:44 - comprehensive_sentiment_features - INFO -   Date range: 2024-02-02 00:00:00 to 2025-11-19 00:00:00
2025-11-26 04:45:44 - comprehensive_sentiment_features - INFO - 
2025-11-26 04:45:44 - comprehensive_sentiment_features - INFO - ============================================================
2025-11-26 04:45:44 - comprehensive_sentiment_features - INFO - DATA PREPARATION
2025-11-26 04:45:44 - comprehensive_sentiment_features - INFO - ============================================================
2025-11-26 04:45:45 - comprehensive_sentiment_features - INFO - Prepared news data:
2025-11-26 04:45:45 - comprehensive_sentiment_features - INFO -   Articles per day (avg): 827.8
2025-11-26 04:45:45 - comprehensive_sentiment_features - INFO -   Raw sentiment std: 0.5084
2025-11-26 04:45:45 - comprehensive_sentiment_features - INFO - 
2025-11-26 04:45:45 - comprehensive_sentiment_features - INFO - ============================================================
2025-11-26 04:45:45 - comprehensive_sentiment_features - INFO - COMPUTING SENTIMENT FEATURES
2025-11-26 04:45:45 - comprehensive_sentiment_features - INFO - ============================================================
2025-11-26 04:45:45 - comprehensive_sentiment_features - INFO - Computing basic aggregations (mean, median, std, min, max, count)...
2025-11-26 04:45:46 - comprehensive_sentiment_features - INFO -   ✓ Computed basic features for 3986 days
2025-11-26 04:45:46 - comprehensive_sentiment_features - INFO - Computing weighted sentiment (Method 2: Confidence weighting)...
2025-11-26 05:00:27 - comprehensive_sentiment_features - INFO -   ✓ Computed weighted sentiment
2025-11-26 05:00:27 - comprehensive_sentiment_features - INFO -     Formula: Σ(sentiment_i × |sentiment_i|) / Σ|sentiment_i|
2025-11-26 05:00:27 - comprehensive_sentiment_features - INFO - Computing extreme sentiment (Method 3: Capture extremes)...
2025-11-26 05:00:29 - comprehensive_sentiment_features - INFO -   ✓ Computed extreme sentiment
2025-11-26 05:00:29 - comprehensive_sentiment_features - INFO -     Formula: argmax(|sentiment_min|, |sentiment_max|)
2025-11-26 05:00:29 - comprehensive_sentiment_features - INFO - Computing positive ratio...
2025-11-26 05:00:29 - comprehensive_sentiment_features - INFO -   ✓ Computed positive ratio
2025-11-26 05:00:29 - comprehensive_sentiment_features - INFO - 
2025-11-26 05:00:29 - comprehensive_sentiment_features - INFO - ============================================================
2025-11-26 05:00:29 - comprehensive_sentiment_features - INFO - FEATURE STATISTICS
2025-11-26 05:00:29 - comprehensive_sentiment_features - INFO - ============================================================
2025-11-26 05:00:29 - comprehensive_sentiment_features - INFO - Standard deviation of each feature:
2025-11-26 05:00:29 - comprehensive_sentiment_features - INFO -   sentiment_mean            std = 0.1044
2025-11-26 05:00:29 - comprehensive_sentiment_features - INFO -   sentiment_median          std = 0.0970
2025-11-26 05:00:29 - comprehensive_sentiment_features - INFO -   sentiment_weighted        std = 0.2246
2025-11-26 05:00:29 - comprehensive_sentiment_features - INFO -   sentiment_extreme         std = 0.5561
2025-11-26 05:00:29 - comprehensive_sentiment_features - INFO -   sentiment_min             std = 0.2308
2025-11-26 05:00:29 - comprehensive_sentiment_features - INFO -   sentiment_max             std = 0.1992
2025-11-26 05:00:29 - comprehensive_sentiment_features - INFO -   sentiment_std             std = 0.1059
2025-11-26 05:00:29 - comprehensive_sentiment_features - INFO - 
2025-11-26 05:00:29 - comprehensive_sentiment_features - INFO - ============================================================
2025-11-26 05:00:29 - comprehensive_sentiment_features - INFO - SIGNAL PRESERVATION ANALYSIS
2025-11-26 05:00:29 - comprehensive_sentiment_features - INFO - ============================================================
2025-11-26 05:00:29 - comprehensive_sentiment_features - INFO - Raw article sentiment std: 0.5084
2025-11-26 05:00:29 - comprehensive_sentiment_features - INFO - 
2025-11-26 05:00:29 - comprehensive_sentiment_features - INFO - Signal preservation by method:
2025-11-26 05:00:29 - comprehensive_sentiment_features - INFO -   sentiment_mean             20.5% of raw signal
2025-11-26 05:00:29 - comprehensive_sentiment_features - INFO -   sentiment_median           19.1% of raw signal
2025-11-26 05:00:29 - comprehensive_sentiment_features - INFO -   sentiment_weighted         44.2% of raw signal
2025-11-26 05:00:29 - comprehensive_sentiment_features - INFO -   sentiment_extreme         109.4% of raw signal
2025-11-26 05:00:29 - comprehensive_sentiment_features - INFO -   sentiment_min              45.4% of raw signal
2025-11-26 05:00:29 - comprehensive_sentiment_features - INFO -   sentiment_max              39.2% of raw signal
2025-11-26 05:00:29 - comprehensive_sentiment_features - INFO -   sentiment_std              20.8% of raw signal
2025-11-26 05:00:29 - comprehensive_sentiment_features - INFO - 
2025-11-26 05:00:29 - comprehensive_sentiment_features - INFO - Key findings:
2025-11-26 05:00:29 - comprehensive_sentiment_features - INFO -   Best preserved:  sentiment_extreme (0.5561)
2025-11-26 05:00:29 - comprehensive_sentiment_features - INFO -   Worst preserved: sentiment_median (0.0970)
2025-11-26 05:00:29 - comprehensive_sentiment_features - INFO -   Improvement: 5.7x better
2025-11-26 05:00:29 - comprehensive_sentiment_features - INFO - 
2025-11-26 05:00:29 - comprehensive_sentiment_features - INFO - ============================================================
2025-11-26 05:00:29 - comprehensive_sentiment_features - INFO - MERGING WITH STOCK DATA
2025-11-26 05:00:29 - comprehensive_sentiment_features - INFO - ============================================================
2025-11-26 05:00:29 - comprehensive_sentiment_features - INFO - Merging sentiment features with stock technical indicators...
2025-11-26 05:00:29 - comprehensive_sentiment_features - INFO -   ✓ Initial merge: 452 days
2025-11-26 05:00:29 - comprehensive_sentiment_features - INFO -   Missing values before forward fill: 4068
2025-11-26 05:00:29 - comprehensive_sentiment_features - INFO -   Missing values after forward fill: 0
2025-11-26 05:00:29 - comprehensive_sentiment_features - INFO -   ✓ Final merged data: 452 days
2025-11-26 05:00:29 - comprehensive_sentiment_features - INFO - 
2025-11-26 05:00:29 - comprehensive_sentiment_features - INFO - ============================================================
2025-11-26 05:00:29 - comprehensive_sentiment_features - INFO - SAMPLE DATA
2025-11-26 05:00:29 - comprehensive_sentiment_features - INFO - ============================================================
2025-11-26 05:00:29 - comprehensive_sentiment_features - INFO - First 3 days of merged data:
2025-11-26 05:00:29 - comprehensive_sentiment_features - INFO -   2024-02-02: close=$483.85, mean=0.000, extreme=0.000
2025-11-26 05:00:29 - comprehensive_sentiment_features - INFO -   2024-02-05: close=$482.09, mean=0.000, extreme=0.000
2025-11-26 05:00:29 - comprehensive_sentiment_features - INFO -   2024-02-06: close=$483.49, mean=0.000, extreme=0.000
2025-11-26 05:00:29 - comprehensive_sentiment_features - INFO - 
2025-11-26 05:00:29 - comprehensive_sentiment_features - INFO - ============================================================
2025-11-26 05:00:29 - comprehensive_sentiment_features - INFO - SAVING RESULTS
2025-11-26 05:00:29 - comprehensive_sentiment_features - INFO - ============================================================
2025-11-26 05:00:29 - comprehensive_sentiment_features - INFO - ✅ COMPLETE!
2025-11-26 05:00:29 - comprehensive_sentiment_features - INFO -    Output file: Code/data/processed/spy_features_with_comprehensive_sentiment.csv
2025-11-26 05:00:29 - comprehensive_sentiment_features - INFO -    File size: 0.3 MB
2025-11-26 05:00:29 - comprehensive_sentiment_features - INFO -    Total columns: 53
2025-11-26 05:00:29 - comprehensive_sentiment_features - INFO -    Sentiment features: 9 (was 4)
2025-11-26 05:00:29 - comprehensive_sentiment_features - INFO -    Technical features: 42
2025-11-26 05:00:29 - comprehensive_sentiment_features - INFO -    Total: 51 features
2025-11-26 05:00:29 - comprehensive_sentiment_features - INFO - 
2025-11-26 05:00:29 - comprehensive_sentiment_features - INFO - ============================================================
2025-11-26 05:00:29 - comprehensive_sentiment_features - INFO - SUMMARY
2025-11-26 05:00:29 - comprehensive_sentiment_features - INFO - ============================================================
2025-11-26 05:00:29 - comprehensive_sentiment_features - INFO - Features created:
2025-11-26 05:00:29 - comprehensive_sentiment_features - INFO -   1. sentiment_mean
2025-11-26 05:00:29 - comprehensive_sentiment_features - INFO -   2. sentiment_median
2025-11-26 05:00:29 - comprehensive_sentiment_features - INFO -   3. sentiment_weighted
2025-11-26 05:00:29 - comprehensive_sentiment_features - INFO -   4. sentiment_extreme
2025-11-26 05:00:29 - comprehensive_sentiment_features - INFO -   5. sentiment_min
2025-11-26 05:00:29 - comprehensive_sentiment_features - INFO -   6. sentiment_max
2025-11-26 05:00:29 - comprehensive_sentiment_features - INFO -   7. sentiment_std
2025-11-26 05:00:29 - comprehensive_sentiment_features - INFO -   8. article_count
2025-11-26 05:00:29 - comprehensive_sentiment_features - INFO -   9. positive_ratio
2025-11-26 05:00:29 - comprehensive_sentiment_features - INFO - 
2025-11-26 05:00:29 - comprehensive_sentiment_features - INFO - Next step: Train model with comprehensive features
2025-11-26 05:00:29 - comprehensive_sentiment_features - INFO -   python3 Code/scripts/train_lstm_with_comprehensive_sentiment.py
2025-11-26 05:00:29 - comprehensive_sentiment_features - INFO - 
