2025-11-26 00:19:30 - realtime_prediction - INFO - Log file: Exhibition/logs/realtime_prediction_20251126_001930.log
2025-11-26 00:19:30 - realtime_prediction - INFO - ============================================================
2025-11-26 00:19:30 - realtime_prediction - INFO - REAL-TIME STOCK PREDICTION SYSTEM
2025-11-26 00:19:30 - realtime_prediction - INFO - ============================================================
2025-11-26 00:19:30 - realtime_prediction - INFO - Started at: 2025-11-26 00:19:30
2025-11-26 00:19:30 - realtime_prediction - INFO - Log file: Exhibition/logs/realtime_prediction_20251126_001930.log
2025-11-26 00:19:30 - realtime_prediction - INFO - 
2025-11-26 00:19:31 - realtime_prediction - INFO - ============================================================
2025-11-26 00:19:31 - realtime_prediction - INFO - SYSTEM INITIALIZATION
2025-11-26 00:19:31 - realtime_prediction - INFO - ============================================================
2025-11-26 00:19:31 - realtime_prediction - INFO - Device: cuda
2025-11-26 00:19:31 - realtime_prediction - INFO - PyTorch version: 2.9.1+cu128
2025-11-26 00:19:31 - realtime_prediction - INFO - CUDA available: True
2025-11-26 00:19:31 - realtime_prediction - INFO - Loading configuration from Code/results/lstm_with_sentiment_results.json
2025-11-26 00:19:31 - realtime_prediction - INFO - Model Configuration:
2025-11-26 00:19:31 - realtime_prediction - INFO -   config: {'sequence_length': 30, 'hidden_size': 128, 'num_layers': 2, 'dropout': 0.2, 'batch_size': 32, 'learning_rate': 0.001, 'epochs': 30, 'train_split': 0.7, 'val_split': 0.15, 'test_split': 0.15}
2025-11-26 00:19:31 - realtime_prediction - INFO -   test_metrics: {'mape': 7.874623341412051, 'mae': 52.44297900175861, 'rmse': 53.597633201645266}
2025-11-26 00:19:31 - realtime_prediction - INFO -   feature_count: 46
2025-11-26 00:19:31 - realtime_prediction - INFO -   sentiment_features: ['sentiment_mean', 'sentiment_std', 'article_count', 'positive_ratio']
2025-11-26 00:19:31 - realtime_prediction - INFO -   removed_features: []
2025-11-26 00:19:31 - realtime_prediction - INFO -   train_samples: 295
2025-11-26 00:19:31 - realtime_prediction - INFO -   val_samples: 63
2025-11-26 00:19:31 - realtime_prediction - INFO -   test_samples: 64
2025-11-26 00:19:31 - realtime_prediction - INFO - Loading trained model from Code/models/checkpoints/lstm_with_sentiment_best.pth
2025-11-26 00:19:32 - realtime_prediction - INFO - Model loaded successfully
2025-11-26 00:19:32 - realtime_prediction - INFO -   Total parameters: 232,577
2025-11-26 00:19:32 - realtime_prediction - INFO -   Trainable parameters: 232,577
2025-11-26 00:19:32 - realtime_prediction - INFO - Loading FinBERT for sentiment analysis...
2025-11-26 00:19:32 - realtime_prediction - INFO - FinBERT loaded successfully
2025-11-26 00:19:32 - realtime_prediction - INFO - ✅ System initialization complete
2025-11-26 00:19:32 - realtime_prediction - INFO - ============================================================
2025-11-26 00:19:32 - realtime_prediction - INFO - REAL-TIME PREDICTION PIPELINE START
2025-11-26 00:19:32 - realtime_prediction - INFO - ============================================================
2025-11-26 00:19:32 - realtime_prediction - INFO - Pipeline started at: 2025-11-26 00:19:32
2025-11-26 00:19:32 - realtime_prediction - INFO - 
2025-11-26 00:19:32 - realtime_prediction - INFO - ============================================================
2025-11-26 00:19:32 - realtime_prediction - INFO - FETCHING STOCK DATA: SPY
2025-11-26 00:19:32 - realtime_prediction - INFO - ============================================================
2025-11-26 00:19:32 - realtime_prediction - INFO - Requesting 60 days of data
2025-11-26 00:19:32 - realtime_prediction - INFO - Date range: 2025-09-27 to 2025-11-26
2025-11-26 00:19:32 - realtime_prediction - INFO - ✅ Successfully fetched 42 days of data
2025-11-26 00:19:32 - realtime_prediction - INFO - Latest date: 2025-11-25
2025-11-26 00:19:32 - realtime_prediction - INFO - Latest close: $675.02
2025-11-26 00:19:32 - realtime_prediction - INFO - Price range: $652.53 - $687.39
2025-11-26 00:19:32 - realtime_prediction - INFO - Average volume: 82,967,199
2025-11-26 00:19:32 - realtime_prediction - INFO - ============================================================
2025-11-26 00:19:32 - realtime_prediction - INFO - FETCHING NEWS DATA
2025-11-26 00:19:32 - realtime_prediction - INFO - ============================================================
2025-11-26 00:19:32 - realtime_prediction - INFO - Target companies: AAPL, MSFT, AMZN, TSLA, NVDA, META, GOOGL
2025-11-26 00:19:32 - realtime_prediction - INFO - Fetching news for AAPL...
2025-11-26 00:19:32 - realtime_prediction - INFO -   ✅ AAPL: 50 articles
2025-11-26 00:19:32 - realtime_prediction - INFO - Fetching news for MSFT...
2025-11-26 00:19:32 - realtime_prediction - INFO -   ✅ MSFT: 50 articles
2025-11-26 00:19:32 - realtime_prediction - INFO - Fetching news for AMZN...
2025-11-26 00:19:33 - realtime_prediction - INFO -   ✅ AMZN: 50 articles
2025-11-26 00:19:33 - realtime_prediction - INFO - Fetching news for TSLA...
2025-11-26 00:19:33 - realtime_prediction - INFO -   ✅ TSLA: 50 articles
2025-11-26 00:19:33 - realtime_prediction - INFO - Fetching news for NVDA...
2025-11-26 00:19:33 - realtime_prediction - INFO -   ✅ NVDA: 50 articles
2025-11-26 00:19:33 - realtime_prediction - INFO - Fetching news for META...
2025-11-26 00:19:33 - realtime_prediction - INFO -   ✅ META: 50 articles
2025-11-26 00:19:33 - realtime_prediction - INFO - Fetching news for GOOGL...
2025-11-26 00:19:33 - realtime_prediction - INFO -   ✅ GOOGL: 0 articles
2025-11-26 00:19:33 - realtime_prediction - INFO - 
2025-11-26 00:19:33 - realtime_prediction - INFO - News fetch summary:
2025-11-26 00:19:33 - realtime_prediction - INFO -   Successful: 7/7
2025-11-26 00:19:33 - realtime_prediction - INFO -   Failed: 0/7
2025-11-26 00:19:33 - realtime_prediction - INFO -   Total articles: 300
2025-11-26 00:19:33 - realtime_prediction - INFO - ============================================================
2025-11-26 00:19:33 - realtime_prediction - INFO - SENTIMENT ANALYSIS
2025-11-26 00:19:33 - realtime_prediction - INFO - ============================================================
2025-11-26 00:19:33 - realtime_prediction - INFO - Processing 300 articles with FinBERT
2025-11-26 00:19:39 - realtime_prediction - INFO -   Progress: 50/300 (8.7 articles/sec, ~29s remaining)
2025-11-26 00:19:44 - realtime_prediction - INFO -   Progress: 100/300 (9.0 articles/sec, ~22s remaining)
2025-11-26 00:19:49 - realtime_prediction - INFO -   Progress: 150/300 (9.3 articles/sec, ~16s remaining)
2025-11-26 00:19:55 - realtime_prediction - INFO -   Progress: 200/300 (8.9 articles/sec, ~11s remaining)
2025-11-26 00:20:01 - realtime_prediction - INFO -   Progress: 250/300 (8.9 articles/sec, ~6s remaining)
2025-11-26 00:20:07 - realtime_prediction - INFO -   Progress: 300/300 (8.7 articles/sec, ~0s remaining)
2025-11-26 00:20:07 - realtime_prediction - INFO - 
2025-11-26 00:20:07 - realtime_prediction - INFO - ✅ Sentiment analysis complete in 34.5 seconds
2025-11-26 00:20:07 - realtime_prediction - INFO - Sentiment Features:
2025-11-26 00:20:07 - realtime_prediction - INFO -   sentiment_mean: -0.1150
2025-11-26 00:20:07 - realtime_prediction - INFO -   sentiment_std: 0.8705
2025-11-26 00:20:07 - realtime_prediction - INFO -   article_count: 300
2025-11-26 00:20:07 - realtime_prediction - INFO -   positive_ratio: 0.4600
2025-11-26 00:20:07 - realtime_prediction - INFO - Sentiment distribution:
2025-11-26 00:20:07 - realtime_prediction - INFO -   Positive: 138 (46.0%)
2025-11-26 00:20:07 - realtime_prediction - INFO -   Negative: 162 (54.0%)
2025-11-26 00:20:07 - realtime_prediction - INFO -   Neutral: 0 (0.0%)
2025-11-26 00:20:07 - realtime_prediction - INFO - ============================================================
2025-11-26 00:20:07 - realtime_prediction - INFO - COMPUTING TECHNICAL INDICATORS
2025-11-26 00:20:07 - realtime_prediction - INFO - ============================================================
2025-11-26 00:20:07 - realtime_prediction - INFO - Input data: 42 rows
2025-11-26 00:20:07 - realtime_prediction - INFO - ✅ Computed 42 technical indicators
2025-11-26 00:20:07 - realtime_prediction - INFO - Valid rows after indicators: 0/42
2025-11-26 00:20:07 - realtime_prediction - INFO - ============================================================
2025-11-26 00:20:07 - realtime_prediction - INFO - FEATURE PREPARATION
2025-11-26 00:20:07 - realtime_prediction - INFO - ============================================================
2025-11-26 00:20:07 - realtime_prediction - INFO - Total columns in dataframe: 51
2025-11-26 00:20:07 - realtime_prediction - INFO - Selected 46 features for prediction
2025-11-26 00:20:07 - realtime_prediction - INFO - Sequence length: 30 days
2025-11-26 00:20:07 - realtime_prediction - WARNING - ⚠️  Found 114 NaN values, filling...
2025-11-26 00:20:07 - realtime_prediction - INFO - ✅ NaN values filled
2025-11-26 00:20:07 - realtime_prediction - INFO - Feature normalization:
2025-11-26 00:20:07 - realtime_prediction - INFO -   Shape: (30, 46)
2025-11-26 00:20:07 - realtime_prediction - INFO -   Expected: (30, 46)
2025-11-26 00:20:07 - realtime_prediction - INFO -   Match: True
2025-11-26 00:20:07 - realtime_prediction - INFO - Target normalization:
2025-11-26 00:20:07 - realtime_prediction - INFO -   Mean: $671.05
2025-11-26 00:20:07 - realtime_prediction - INFO -   Std:  $8.66
2025-11-26 00:20:07 - realtime_prediction - INFO - ============================================================
2025-11-26 00:20:07 - realtime_prediction - INFO - MAKING PREDICTION
2025-11-26 00:20:07 - realtime_prediction - INFO - ============================================================
2025-11-26 00:20:07 - realtime_prediction - INFO - Running model inference...
2025-11-26 00:20:07 - realtime_prediction - INFO - Input shape: (30, 46)
2025-11-26 00:20:07 - realtime_prediction - INFO - Current price: $675.02
2025-11-26 00:20:07 - realtime_prediction - INFO - Tensor shape: torch.Size([1, 30, 46])
2025-11-26 00:20:07 - realtime_prediction - INFO - Normalized prediction: -0.3750
2025-11-26 00:20:07 - realtime_prediction - INFO - 
2025-11-26 00:20:07 - realtime_prediction - INFO - ✅ Prediction complete:
2025-11-26 00:20:07 - realtime_prediction - INFO -   Predicted price: $667.80
2025-11-26 00:20:07 - realtime_prediction - INFO -   Absolute change: $-7.22
2025-11-26 00:20:07 - realtime_prediction - INFO -   Percentage change: -1.07%
2025-11-26 00:20:07 - realtime_prediction - INFO -   Direction: ↓ DOWN
2025-11-26 00:20:07 - realtime_prediction - INFO - ============================================================
2025-11-26 00:20:07 - realtime_prediction - INFO - FINAL PREDICTION RESULTS
2025-11-26 00:20:07 - realtime_prediction - INFO - ============================================================
2025-11-26 00:20:07 - realtime_prediction - INFO - Current Date: 2025-11-25 Tuesday
2025-11-26 00:20:07 - realtime_prediction - INFO - Current SPY Price: $675.02
2025-11-26 00:20:07 - realtime_prediction - INFO - 
2025-11-26 00:20:07 - realtime_prediction - INFO - News Sentiment Summary:
2025-11-26 00:20:07 - realtime_prediction - INFO -   Mean: -0.115
2025-11-26 00:20:07 - realtime_prediction - INFO -   Std:  0.870
2025-11-26 00:20:07 - realtime_prediction - INFO -   Articles: 300
2025-11-26 00:20:07 - realtime_prediction - INFO -   Positive ratio: 46.0%
2025-11-26 00:20:07 - realtime_prediction - INFO - 
2025-11-26 00:20:07 - realtime_prediction - INFO - PREDICTION FOR 2025-11-26 Wednesday:
2025-11-26 00:20:07 - realtime_prediction - INFO -   Predicted Price: $667.80
2025-11-26 00:20:07 - realtime_prediction - INFO -   Expected Change: ↓ $7.22 (-1.07%)
2025-11-26 00:20:07 - realtime_prediction - INFO - ============================================================
2025-11-26 00:20:07 - realtime_prediction - INFO - PIPELINE COMPLETE
2025-11-26 00:20:07 - realtime_prediction - INFO - ============================================================
2025-11-26 00:20:07 - realtime_prediction - INFO - Prediction saved to: Exhibition/realtime_predictions.jsonl
2025-11-26 00:20:07 - realtime_prediction - INFO - Pipeline duration: 35.5 seconds
2025-11-26 00:20:07 - realtime_prediction - INFO - Completed at: 2025-11-26 00:20:07
2025-11-26 00:20:07 - realtime_prediction - INFO - 
2025-11-26 00:20:07 - realtime_prediction - INFO - ⏰ Check back tomorrow to verify accuracy!
2025-11-26 00:20:07 - realtime_prediction - INFO - 
2025-11-26 00:20:07 - realtime_prediction - INFO - ✅ SUCCESS: Prediction pipeline completed successfully!
2025-11-26 00:20:07 - realtime_prediction - INFO - 📊 Log file saved: Exhibition/logs/realtime_prediction_20251126_001930.log
